[backblue.gif]
[fade.gif]
[index.html]
[sciencecourseware.org/FlyLabJS/img/logo.png]
[sciencecourseware.org/FlyLabJS/img/sex/female.png]
[sciencecourseware.org/FlyLabJS/img/sex/male.png]
[sciencecourseware.org/FlyLabJS/img/bristles/br0.png]
[sciencecourseware.org/FlyLabJS/img/bristles/br1.png]
[sciencecourseware.org/FlyLabJS/img/bristles/br2.png]
[sciencecourseware.org/FlyLabJS/img/bristles/br3.png]
[sciencecourseware.org/FlyLabJS/img/bristles/br4.png]
[sciencecourseware.org/FlyLabJS/img/bristles/br5.png]
[sciencecourseware.org/FlyLabJS/img/ant/ant0.png]
[sciencecourseware.org/FlyLabJS/img/ant/ant1.png]
[sciencecourseware.org/FlyLabJS/img/ecolor/ec0.png]
[sciencecourseware.org/FlyLabJS/img/ecolor/ec1.png]
[sciencecourseware.org/FlyLabJS/img/ecolor/ec2.png]
[sciencecourseware.org/FlyLabJS/img/ecolor/ec3.png]
[sciencecourseware.org/FlyLabJS/img/ecolor/ec4.png]
[sciencecourseware.org/FlyLabJS/img/eshape/es0.png]
[sciencecourseware.org/FlyLabJS/img/eshape/es1.png]
[sciencecourseware.org/FlyLabJS/img/eshape/es2.png]
[sciencecourseware.org/FlyLabJS/img/eshape/es3.png]
[sciencecourseware.org/FlyLabJS/img/eshape/es4.png]
[sciencecourseware.org/FlyLabJS/img/wsize/wsz0.png]
[sciencecourseware.org/FlyLabJS/img/wsize/wsz1.png]
[sciencecourseware.org/FlyLabJS/img/wsize/wsz2.png]
[sciencecourseware.org/FlyLabJS/img/wsize/wsz3.png]
[sciencecourseware.org/FlyLabJS/img/wshape/wshp0.png]
[sciencecourseware.org/FlyLabJS/img/wshape/wshp1.png]
[sciencecourseware.org/FlyLabJS/img/wshape/wshp2.png]
[sciencecourseware.org/FlyLabJS/img/wshape/wshp3.png]
[sciencecourseware.org/FlyLabJS/img/wshape/wshp4.png]
[sciencecourseware.org/FlyLabJS/img/wvein/wvn0.png]
[sciencecourseware.org/FlyLabJS/img/wvein/wvn1.png]
[sciencecourseware.org/FlyLabJS/img/wvein/wvn2.png]
[sciencecourseware.org/FlyLabJS/img/wangle/wang0.png]
[sciencecourseware.org/FlyLabJS/img/wangle/wang1.png]
[sciencecourseware.org/FlyLabJS/img/bcolor/bc0.png]
[sciencecourseware.org/FlyLabJS/img/bcolor/bc1.png]
[sciencecourseware.org/FlyLabJS/img/bcolor/bc2.png]
[sciencecourseware.org/FlyLabJS/img/bcolor/bc3.png]
[sciencecourseware.org/FlyLabJS/img/bcolor/bc4.png]
[sciencecourseware.org/FlyLabJS/img/bcolor/bc5.png]
[sciencecourseware.org/FlyLabJS/img/magnify.png]
[sciencecourseware.org/FlyLabJS/index.html]
[sciencecourseware.org/FlyLabJS/jsv2/flyPaths.js]
[sciencecourseware.org/FlyLabJS/jsv2/drawFlyFncs.js]
[sciencecourseware.org/FlyLabJS/jsv2/Gene.js]
[sciencecourseware.org/FlyLabJS/jsv2/Chromosome.js]
[sciencecourseware.org/FlyLabJS/jsv2/Gamete.js]
[sciencecourseware.org/FlyLabJS/jsv2/Genotype.js]
[sciencecourseware.org/FlyLabJS/jsv2/Phenotype.js]
[sciencecourseware.org/FlyLabJS/jsv2/Mendel.js]
[sciencecourseware.org/FlyLabJS/jsv2/Controller.js]
[sciencecourseware.org/FlyLabJS/jsv2/DesignView.js]
[sciencecourseware.org/FlyLabJS/img/femaleFlyGrey.png]
[sciencecourseware.org/FlyLabJS/img/maleFlyGrey.png]
[sciencecourseware.org/FlyLabJS/jsv2/MateView.js]
[sciencecourseware.org/FlyLabJS/img/check.png]
[sciencecourseware.org/FlyLabJS/jsv2/CrossesView.js]
[sciencecourseware.org/FlyLabJS/jsv2/AnalyzeView.js]
[sciencecourseware.org/FlyLabJS/exportNotes2.php]
[sciencecourseware.org/FlyLabJS/jsv2/LabNotesView.js]
[sciencecourseware.org/FlyLabJS/cssv2/flylabjs.css]
[sciencecourseware.org/FlyLabJS/cssv2/dropDown.css]
[cdnjs.cloudflare.com/ajax/libs/mathjax/2.7.5/latestb198.js]
[sciencecourseware.org/FlyLabJS/supp/logo.png]
[sciencecourseware.org/FlyLabJS/supp/intro.html]
[sciencecourseware.org/FlyLabJS/supp/abbr.html]
[sciencecourseware.org/FlyLabJS/supp/overview.png]
[sciencecourseware.org/FlyLabJS/supp/design.png]
[sciencecourseware.org/FlyLabJS/supp/magnify.png]
[sciencecourseware.org/FlyLabJS/supp/mate.png]
[sciencecourseware.org/FlyLabJS/supp/crosses.png]
[sciencecourseware.org/FlyLabJS/supp/analyze.png]
[sciencecourseware.org/FlyLabJS/supp/labnotes.png]
[sciencecourseware.org/FlyLabJS/supp/help.html]
[sciencecourseware.org/FlyLabJS/supp/instructor.html]
[sciencecourseware.org/FlyLabJS/POST.html]
[sciencecourseware.org/FlyLabJS/flies/createFlyPng.html]
[sciencecourseware.org/FlyLabJS/supp/supportDocs.js]
[sciencecourseware.org/FlyLabJS/supp/supportDocs.css]
[sciencecourseware.org/FlyLabJS/index-2.html]
[sciencecourseware.org/FlyLabJS/supp/instr/instrInfo.html]
